// Jest Snapshot v1, https://goo.gl/fbAQLP

exports[`returns the correct default messages 1`] = `
Object {
  "en-US": Object {
    "plugins": Object {
      "epcis": Object {
        "ILMD": "Instance/Lot Master Data",
        "addEntry": "Add Entry",
        "addEvent": "Add Event",
        "aggregationEvent": "Aggregation Event",
        "aggregationEvents": "Aggregation Events",
        "businessTransactionList": "Business Transaction List",
        "childEPCs": "Child EPCs",
        "childQuantityList": "Child Quantity List",
        "editEntry": "Edit Entry",
        "editEvent": "Edit Event",
        "entries": "Entries",
        "entriesTotal": "{entriesCount} entries total",
        "entryList": "Entries",
        "epcList": "EPC List",
        "errorLoadingEntries": "An error occurred while loading entries from this server. {error}",
        "errorLoadingEntry": "An error occurred while loading this entry. {error}",
        "errorLoadingEntryGeo": "An error occurred while loading the geographic data related to this entry. {error}",
        "errorLoadingEvent": "An error occurred while loading this event. {error}",
        "errorLoadingEvents": "An error occurred while loading events from this server. {error}",
        "eventID": "Event ID",
        "eventType": "Event Type",
        "events": "Events",
        "eventsTotal": "{eventsCount} events total",
        "inputEPCList": "Input EPC List",
        "inputQuantityList": "Input Quantity List",
        "lastKnownDisposition": "Last Known Disposition",
        "noEPCISFound": "No EPCIS module detected on server.",
        "objectEvent": "Object Event",
        "objectEvents": "Object Events",
        "outputEPCList": "Output EPC List",
        "outputQuantityList": "Output Quantity List",
        "parentID": "Parent ID",
        "quantityList": "Quantity List",
        "topNavItem": "Event Data",
        "transactionEvent": "Transaction Event",
        "transactionEvents": "Transaction Events",
        "transformationEvent": "Transformation Event",
        "transformationEvents": "Transformation Events",
        "what": "What",
        "when": "When",
        "where": "Where",
        "why": "Why",
      },
    },
  },
  "fr-FR": Object {
    "plugins": Object {
      "epcis": Object {
        "ILMD": "Données de base d'instance/lot",
        "addEntry": "Ajouter une entrée",
        "addEvent": "Ajouter un évènement",
        "aggregationEvent": "Événement d'agrégation",
        "aggregationEvents": "Événements d'agrégation",
        "businessTransactionList": "Business Transaction List",
        "childEPCs": "Child EPCs",
        "childQuantityList": "Child Quantity List",
        "editEntry": "Modifier l'entrée",
        "editEvent": "Modifier l'événement",
        "entries": "Entrées",
        "entriesTotal": "Total: {entriesCount}",
        "entryIdentifier": "Identifiant",
        "entryList": "Entrées",
        "epcList": "Liste EPC",
        "errorLoadingEntries": "Une erreur s'est produite lors du chargement des entrées de ce serveur. {error}",
        "errorLoadingEntry": "Une erreur s'est produite lors du chargement de cette entrée. {error}",
        "errorLoadingEntryGeo": "Une erreur s'est produite lors du chargement des données géographiques liées à cettre entrée. {error}",
        "errorLoadingEvent": "Une erreur s'est produite lors du chargement de cet événement. {error}",
        "errorLoadingEvents": "Une erreur s'est produite lors du chargement des événements de ce serveur. {error}",
        "eventID": "ID d'événement",
        "eventType": "Type d'événement",
        "events": "Événements",
        "eventsTotal": "Total: {eventsCount}",
        "inputEPCList": "Liste EPC d'entrée",
        "inputQuantityList": "Input Quantity List",
        "lastKnownDisposition": "Dernière disposition",
        "noEPCISFound": "Module EPCIS non détecté sur ce serveur.",
        "objectEvent": "Événement d'objet",
        "objectEvents": "Événements d'objet",
        "outputEPCList": "Liste EPC de sortie",
        "outputQuantityList": "Output Quantity List",
        "parentID": "ID du parent",
        "quantityList": "Quantity List",
        "topNavItem": "Données d'événements",
        "transactionEvent": "Événement de transaction",
        "transactionEvents": "Événements de transaction",
        "transformationEvent": "Événement de transformation",
        "transformationEvents": "Événements de transformation",
        "what": "Quoi",
        "when": "Quand",
        "where": "Où",
        "why": "Pourquoi",
      },
    },
  },
}
`;
