// Jest Snapshot v1, https://goo.gl/fbAQLP

exports[`renders correctly 1`] = `
<div>
  <div>
    <span
      className="bp3-popover-target"
      onClick={[Function]}
    >
      <button
        className="bp3-button add"
      />
    </span>
  </div>
</div>
`;
