// Jest Snapshot v1, https://goo.gl/fbAQLP

exports[`renders correctly 1`] = `
<div>
  <div
    className="right-panel"
  >
    <div>
      <div
        className="cards-container"
      >
        <div
          className="bp3-card bp3-elevation-0 bp3-elevation-1"
        >
          <h5 className="bp3-heading">
            Settings
            <button
              className="bp3-button edit bp3-intent-primary add-incard-button"
              onClick={[Function]}
              onKeyDown={[Function]}
              onKeyUp={[Function]}
              type="button"
            >
              <span>
                Edit
              </span>
            </button>
          </h5>
          <div>
            <table
              className="bp3-table bp3-bordered bp3-striped"
            >
              <thead>
                <tr>
                  <th>
                    Server API Endpoint
                  </th>
                  <th>
                    <h6>
                      <span
                        className="bp3-tag bp3-intent-primary"
                      >
                        <a
                          href="http://localhost:8000/"
                          style={
                            Object {
                              "color": "#FFF",
                            }
                          }
                          target="_blank"
                        >
                          http://localhost:8000/
                        </a>
                      </span>
                    </h6>
                  </th>
                </tr>
              </thead>
              <tbody>
                <tr>
                  <td>
                    protocol
                  </td>
                  <td>
                    http
                  </td>
                </tr>
                <tr>
                  <td>
                    port
                  </td>
                  <td>
                    8000
                  </td>
                </tr>
                <tr>
                  <td>
                    path
                  </td>
                  <td>

                  </td>
                </tr>
                <tr>
                  <td>
                    ssl
                  </td>
                  <td>
                    false
                  </td>
                </tr>
                <tr>
                  <td>
                    url
                  </td>
                  <td>
                    http://localhost:8000/
                  </td>
                </tr>
                <tr>
                  <td>
                    hostname
                  </td>
                  <td>
                    localhost
                  </td>
                </tr>
                <tr>
                  <td>
                    serverSettingName
                  </td>
                  <td>
                    box 1
                  </td>
                </tr>
                <tr>
                  <td>
                    authType
                  </td>
                  <td>
                    basic
                  </td>
                </tr>
                <tr>
                  <td>
                    tokenType
                  </td>
                  <td>
                    Token
                  </td>
                </tr>
                <tr>
                  <td>
                    username
                  </td>
                  <td>
                    lduros
                  </td>
                </tr>
                <tr>
                  <td>
                    serverID
                  </td>
                  <td>
                    d0246781-67c6-474b-8ab0-29de61b6e6bb
                  </td>
                </tr>
              </tbody>
            </table>
          </div>
        </div>
        <div
          className="bp3-card bp3-elevation-0 bp3-elevation-1"
        >
          <h5 className="bp3-heading">
            Services Enabled

            <button
              className="bp3-button refresh add-incard-button"
              onClick={[Function]}
              onKeyDown={[Function]}
              onKeyUp={[Function]}
              type="button"
            />
          </h5>
          <div
            className="centered-action"
            onClick={[Function]}
          >
            <span
              className="standard refresh very-large-icon"
            />
            <span>
              Retry
            </span>
          </div>
        </div>
      </div>
    </div>
  </div>
</div>
`;
