// Jest Snapshot v1, https://goo.gl/fbAQLP

exports[`returns the right actions 1`] = `
Object {
  "loadPageTitle": [Function],
  "locationDidUpdate": [Function],
  "switchTheme": [Function],
}
`;
