// Jest Snapshot v1, https://goo.gl/fbAQLP

exports[`returns the right actions 1`] = `
Object {
  "addLocalPlugin": [Function],
  "addToTreeServers": [Function],
  "pluginDisabled": [Function],
  "pluginEnabled": [Function],
  "pluginListUpdated": [Function],
  "receivedPluginsData": [Function],
  "removeFromTreeServers": [Function],
  "resetPlugins": [Function],
}
`;
