// Jest Snapshot v1, https://goo.gl/fbAQLP

exports[`returns the correct default messages 1`] = `
Object {
  "en-US": Object {
    "plugins": Object {
      "masterData": Object {
        "addCompany": "Add a Company",
        "addCompanyType": "Add a Company Type",
        "addLocation": "Add a Location",
        "addLocationIdentifier": "Add an Identifier",
        "addLocationType": "Add a Location Type",
        "addTradeItem": "Add a Trade Item",
        "addTradeItemField": "Add a Trade Item Field",
        "companies": "Companies",
        "deleteCompanyConfirm": "Are you sure you want to delete this company?",
        "deleteCompanyConfirmBody": "This will delete this company permanently.",
        "deleteLocationConfirm": "Are you sure you want to delete this location?",
        "deleteLocationConfirmBody": "This will delete this location permanently.",
        "deleteTradeItemConfirm": "Are you sure you want to delete this trade item?",
        "deleteTradeItemConfirmBody": "This will delete this trade item permanently.",
        "editCompany": "Edit a Company",
        "editCompanyType": "Edit Company Type",
        "editLocation": "Edit a Location",
        "editTradeItem": "Edit Trade Item",
        "errorLoadingCompanies": "An error occurred while loading companies from this server. {error}",
        "errorLoadingCompanyTypes": "An error occurred while loading company types from this server. {error}",
        "errorLoadingEntries": "An error occurred while loading locations from this server. {error}",
        "errorLoadingLocationTypes": "An error occurred while loading location types from this server. {error}",
        "errorLoadingLocations": "An error occurred while loading locations from this server. {error}",
        "errorLoadingTradeItems": "An error occurred while loading trade items from this server. {error}",
        "locationDetail": "Location Detail",
        "locations": "Locations",
        "masterDataNav": "Master Data",
        "noMasterDataFound": "No Master Data module detected on server.",
        "tradeItemFields": "Trade Item Fields",
        "tradeItems": "Trade Items",
      },
    },
  },
  "fr-FR": Object {
    "plugins": Object {
      "masterData": Object {
        "addCompany": "Ajouter une compagnie",
        "addCompanyType": "Ajouter un type de compagnie",
        "addLocation": "Ajouter un site",
        "addLocationIdentifier": "Ajouter un identifiant",
        "addLocationType": "Ajouter un type de site",
        "addTradeItem": "Ajouter un article commercial",
        "addTradeItemField": "Ajouter un champ d'article commercial",
        "companies": "Compagnies",
        "deleteCompanyConfirm": "Are you sure you want to delete this company?",
        "deleteCompanyConfirmBody": "This will delete this company permanently.",
        "deleteLocationConfirm": "Are you sure you want to delete this entry?",
        "deleteLocationConfirmBody": "This will delete this location permanently.",
        "deleteTradeItemConfirm": "Are you sure you want to delete this trade item?",
        "deleteTradeItemConfirmBody": "This will delete this trade item permanently.",
        "editCompany": "Modifier une compagnie",
        "editCompanyType": "Modifier type de compagnie",
        "editLocation": "Modifier un site",
        "editTradeItem": "Editer un article commercial",
        "errorLoadingCompanies": "An error occurred while loading companies from this server. {error}",
        "errorLoadingCompanyTypes": "An error occurred while loading company types from this server. {error}",
        "errorLoadingEntries": "An error occurred while loading locations from this server. {error}",
        "errorLoadingLocationTypes": "An error occurred while loading location types from this server. {error}",
        "errorLoadingLocations": "An error occurred while loading locations from this server. {error}",
        "errorLoadingTradeItems": "An error occurred while loading trade items from this server. {error}",
        "locationDetail": "Location Detail",
        "locations": "Sites",
        "masterDataNav": "Donn√©es de base",
        "noMasterDataFound": "No Master Data module detected on server.",
        "tradeItemFields": "Champs d'articles commerciaux",
        "tradeItems": "Articles commerciaux",
      },
    },
  },
}
`;
