// Jest Snapshot v1, https://goo.gl/fbAQLP

exports[`renders correctly a pool with no region 1`] = `
<div>
  <div
    className="right-panel"
  >
    <div>
      <div
        className="auto-cards-container"
      >
        <div
          className="pt-callout"
        >
          <div
            className="pt-running-text"
          >
            <span>
              There is currently no region in this pool.
            </span>
          </div>
        </div>
      </div>
    </div>
  </div>
</div>
`;
