// Jest Snapshot v1, https://goo.gl/fbAQLP

exports[`builds form properly with django options 1`] = `"<div><form><div style=\\"display: block;\\"><div class=\\"pt-form-group\\"><label class=\\"pt-label\\">GLN13</label><div class=\\"pt-form-content\\"><input name=\\"GLN13\\" type=\\"text\\" width=\\"300\\" class=\\"pt-input \\" value=\\"\\"><div class=\\"pt-form-helper-text\\">The GLN (Global Location Number) provides a standard means to identify legal entities, trading parties and locations to support the requirements of electronic commerce. The GLN-13 is defined by GS1</div></div></div></div><div style=\\"display: block;\\"><div class=\\"pt-form-group\\"><label class=\\"pt-label\\">SGLN</label><div class=\\"pt-form-content\\"><input name=\\"SGLN\\" type=\\"text\\" width=\\"300\\" class=\\"pt-input \\" value=\\"\\"><div class=\\"pt-form-helper-text\\">The SGLN EPC scheme is used to assign a unique identity to a physical location or sub-location, such as a specific building or a specific unit of shelving within a warehouse.  TheSGLN is expressed as a URN value.</div></div></div></div><div style=\\"display: block;\\"><div class=\\"pt-form-group\\"><label class=\\"pt-label\\">Name</label><div class=\\"pt-form-content\\"><input name=\\"name\\" type=\\"text\\" width=\\"300\\" class=\\"pt-input \\" required=\\"\\" value=\\"\\"><div class=\\"pt-form-helper-text\\">A unique name for the location or party.</div></div></div></div><div style=\\"display: block;\\"><div class=\\"pt-form-group\\"><label class=\\"pt-label\\">Street Address One</label><div class=\\"pt-form-content\\"><input name=\\"address1\\" type=\\"text\\" width=\\"300\\" class=\\"pt-input \\" value=\\"\\"><div class=\\"pt-form-helper-text\\">For example, the name of the street and the number in the street or the name of a building</div></div></div></div><div style=\\"display: block;\\"><div class=\\"pt-form-group\\"><label class=\\"pt-label\\">Street Address Two</label><div class=\\"pt-form-content\\"><input name=\\"address2\\" type=\\"text\\" width=\\"300\\" class=\\"pt-input \\" value=\\"\\"><div class=\\"pt-form-helper-text\\">The second free form line complements the first free form line to locate the party or location.</div></div></div></div><div style=\\"display: block;\\"><div class=\\"pt-form-group\\"><label class=\\"pt-label\\">Street Address Three</label><div class=\\"pt-form-content\\"><input name=\\"address3\\" type=\\"text\\" width=\\"300\\" class=\\"pt-input \\" value=\\"\\"><div class=\\"pt-form-helper-text\\">The third free form line complements the first and second free form lines where necessary.</div></div></div></div><div style=\\"display: block;\\"><div class=\\"pt-form-group\\"><label class=\\"pt-label\\">Country Code</label><div class=\\"pt-form-content\\"><input name=\\"country\\" type=\\"text\\" width=\\"300\\" class=\\"pt-input \\" value=\\"\\"><div class=\\"pt-form-helper-text\\">Country ISO 3166-1 alpha-2 Code</div></div></div></div><div style=\\"display: block;\\"><div class=\\"pt-form-group\\"><label class=\\"pt-label\\">City</label><div class=\\"pt-form-content\\"><input name=\\"city\\" type=\\"text\\" width=\\"300\\" class=\\"pt-input \\" value=\\"\\"><div class=\\"pt-form-helper-text\\">City</div></div></div></div><div style=\\"display: block;\\"><div class=\\"pt-form-group\\"><label class=\\"pt-label\\">State or Province</label><div class=\\"pt-form-content\\"><input name=\\"state_province\\" type=\\"text\\" width=\\"300\\" class=\\"pt-input \\" value=\\"\\"><div class=\\"pt-form-helper-text\\">One of the constituent units of a nation having a federal government.</div></div></div></div><div style=\\"display: block;\\"><div class=\\"pt-form-group\\"><label class=\\"pt-label\\">Postal Code</label><div class=\\"pt-form-content\\"><input name=\\"postal_code\\" type=\\"text\\" width=\\"300\\" class=\\"pt-input \\" value=\\"\\"><div class=\\"pt-form-helper-text\\">Postal Code</div></div></div></div><div style=\\"display: block;\\"><div class=\\"pt-form-group\\"><label class=\\"pt-label\\">Latitude</label><div class=\\"pt-form-content\\"><input name=\\"latitude\\" type=\\"text\\" width=\\"300\\" class=\\"pt-input \\" value=\\"\\"><div class=\\"pt-form-helper-text\\"> Latitude of the location, in degrees. Positive numbers are northern latitude; negative numbers are southern latitude.</div></div></div></div><div style=\\"display: block;\\"><div class=\\"pt-form-group\\"><label class=\\"pt-label\\">Longitude</label><div class=\\"pt-form-content\\"><input name=\\"longitude\\" type=\\"text\\" width=\\"300\\" class=\\"pt-input \\" value=\\"\\"><div class=\\"pt-form-helper-text\\">Longitude of the location, in degrees. Positive numbers are eastern longitude; negative numbers are western longitude.</div></div></div></div><div style=\\"display: block;\\"><div class=\\"pt-form-group\\"><label class=\\"pt-label\\">Icon</label><div class=\\"pt-form-content\\"><input name=\\"icon\\" type=\\"text\\" width=\\"300\\" class=\\"pt-input \\" value=\\"\\"><div class=\\"pt-form-helper-text\\">An icon to represent the location in a GUI or report.</div></div></div></div><div style=\\"display: block;\\"><div class=\\"pt-form-group\\"><label class=\\"pt-label\\">Sub-Site Type</label><div class=\\"pt-form-content\\"><input name=\\"sst\\" type=\\"number\\" width=\\"300\\" class=\\"pt-input \\" value=\\"\\"><div class=\\"pt-form-helper-text\\">Sub-Site Type: describes the primary business function of the sub-site location. This master data attribute is only applicable to a sub-site location.  This value is expressed as a single numerical code.</div></div></div></div><div style=\\"display: block;\\"><div class=\\"pt-form-group\\"><label class=\\"pt-label\\">Sub-Site Attribute</label><div class=\\"pt-form-content\\"><input name=\\"ssa\\" type=\\"text\\" width=\\"300\\" class=\\"pt-input \\" value=\\"\\"><div class=\\"pt-form-helper-text\\">Sub-Site Attribute: further qualifies the business function of the sub-site location. This master data attribute is only applicable to a sub-site location. Sub-site attributes are expressed as a comma- separated list of zero or more numerical codes</div></div></div></div><div style=\\"display: block;\\"><div class=\\"pt-form-group\\"><label class=\\"pt-label\\">Company</label><div class=\\"pt-form-content\\"><input name=\\"company\\" type=\\"text\\" width=\\"300\\" class=\\"pt-input \\" value=\\"\\"><div class=\\"pt-form-helper-text\\">The company, if any, associated with this location.</div></div></div></div><div style=\\"display: block;\\"><div class=\\"pt-form-group\\"><label class=\\"pt-label\\">Site</label><div class=\\"pt-form-content\\"><input name=\\"site\\" type=\\"text\\" width=\\"300\\" class=\\"pt-input \\" value=\\"\\"><div class=\\"pt-form-helper-text\\">Identifies the site in which this location is contained...if at all. For a Sub-site location, this is the identifier of the parent location.</div></div></div></div><div style=\\"display: block;\\"><div class=\\"pt-form-group\\"><label class=\\"pt-label\\">Location Type</label><div class=\\"pt-form-content\\"><input name=\\"location_type\\" type=\\"text\\" width=\\"300\\" class=\\"pt-input \\" value=\\"\\"><div class=\\"pt-form-helper-text\\">An additional classifier that can be used to identifythe location outside of the CBV codes.  This can be an internal classifier or a human readable that lends further clarity to the location record.</div></div></div></div><button class=\\"pt-button pt-intent-primary\\" type=\\"submit\\"><span>Submit</span></button> | <button class=\\"pt-button\\" type=\\"button\\"><span>Cancel</span></button></form></div>"`;

exports[`renders correctly 1`] = `
<div>
  <div>
    <form
      onSubmit={null}
    >
      <button
        className="pt-button pt-intent-primary"
        disabled={undefined}
        type="submit"
      >
        Submit
      </button>
    </form>
  </div>
</div>
`;
