// Jest Snapshot v1, https://goo.gl/fbAQLP

exports[`renders correctly 1`] = `
<div>
  <div
    id="map"
    style={
      Object {
        "width": "260px",
      }
    }
  />
</div>
`;
