// Jest Snapshot v1, https://goo.gl/fbAQLP

exports[`renders correctly 1`] = `
<div>
  <a
    href="/"
    onClick={[Function]}
  >
    <button
      className="pt-button pt-icon-test pt-minimal"
      disabled={undefined}
      onClick={undefined}
      onKeyDown={[Function]}
      onKeyUp={[Function]}
      type="button"
    >
      <span>
        Something here.
      </span>
    </button>
  </a>
</div>
`;
