// Jest Snapshot v1, https://goo.gl/fbAQLP

exports[`returns the correct default messages 1`] = `
Object {
  "en-US": Object {
    "plugins": Object {
      "numberRange": Object {
        "active": "active",
        "addPool": "Add a New Pool",
        "addRandomizedRegion": "Add a New Randomized Region",
        "addSequentialRegion": "Add a New Sequential Region",
        "allocateButton": "Allocate from Pool",
        "allocatedSuccess": "{size} allocated to region {regionName}. You will be prompted to save the export file shortly.",
        "allocation": "Allocation",
        "createdOn": "Created On",
        "current": "Current",
        "deleteRegion": "Delete region {regionName}",
        "deleteRegionConfirm": "Are you sure you want to delete this region?",
        "editPool": "Edit Pool",
        "editRandomizedRegion": "Edit Randomized Region",
        "editSequentialRegion": "Edit Sequential Region",
        "errorAllocating": "An error occurred while attempting to allocate from pool {poolName}. {error}",
        "errorFailedToGenerateFile": "An error occurred when attempting to generate an export file from allocation.",
        "errorFetchPool": "An error occurred while attempting to fetch {poolName}. {error}",
        "errorFetchPools": "An error occurred while attempting to fetch pools from {serverName}",
        "errorFetchRegion": "An error occurred while attempting to get region information. {error}",
        "errorFormFetch": "An error occurred while attempting to get this form from remote server {serverName}. {error}",
        "errorVanilla": "An error occurred while performing this operation. {error}",
        "inactive": "inactive",
        "machineName": "Machine Name",
        "navItemsTitle": "Serial Number Pools",
        "noNumberRangeFound": "No Number Range module detected on server",
        "noRegionInPool": "There is currently no region in this pool.",
        "numberRangePools": "Number Range Pools",
        "pool": "Pool",
        "randomized": "Randomized",
        "range": "Range",
        "readableName": "Readable Name",
        "region": "Region",
        "regionDeletedSuccessfully": "Region deleted successfully",
        "regionDetailTitle": "Pool {poolName} Regions",
        "regions": "Regions",
        "remaining": "Remaining",
        "requestThreshold": "Request Threshold",
        "serial": "Sequential",
        "state": "State",
        "status": "Status",
        "to": "to",
      },
    },
  },
  "fr-FR": Object {
    "plugins": Object {
      "numberRange": Object {
        "active": "actif",
        "addPool": "Ajouter un Groupe",
        "addRandomizedRegion": "Add a New Randomized Region",
        "addSequentialRegion": "Add a New Sequential Region",
        "allocateButton": "Attribuer au groupe",
        "allocatedSuccess": "{size} allocated to region {regionName}. You will be prompted to save the export file shortly.",
        "allocation": "Attribution",
        "createdOn": "Créé le",
        "current": "Current",
        "deleteRegion": "Delete region {regionName}",
        "deleteRegionConfirm": "Are you sure you want to delete this region?",
        "editPool": "Edit Pool",
        "editRandomizedRegion": "Edit Randomized Region",
        "editSequentialRegion": "Edit Sequential Region",
        "errorAllocating": "An error occurred while attempting to allocate from pool {poolName}. {error}",
        "errorFailedToGenerateFile": "An error occurred when attempting to generate an export file from allocation.",
        "errorFetchPool": "An error occurred while attempting to fetch {poolName}. {error}",
        "errorFetchPools": "An error occurred while attempting to fetch pools from {serverName}",
        "errorFetchRegion": "An error occurred while attempting to get region information. {error}",
        "errorFormFetch": "An error occurred while attempting to get this form from remote server {serverName}. {error}",
        "errorVanilla": "An error occurred while performing this operation. {error}",
        "inactive": "inactif",
        "machineName": "Nom machine",
        "navItemsTitle": "Numéros de série",
        "noNumberRangeFound": "Module de plage de numéros non détecté sur ce serveur",
        "noRegionInPool": "Il n'existe aucune region dans ce groupe.",
        "numberRangePools": "Groupes de plages de numéros",
        "pool": "Groupe",
        "randomized": "Randomized",
        "range": "Plage",
        "readableName": "Nom",
        "region": "Région",
        "regionDeletedSuccessfully": "Region deleted successfully",
        "regionDetailTitle": "Regions du groupe {poolName}",
        "regions": "Régions",
        "remaining": "Restant",
        "requestThreshold": "Seuil de requêtes",
        "serial": "Sequential",
        "state": "État",
        "status": "Statut",
        "to": "à",
      },
    },
  },
}
`;
